2025-06-20 10:00:34,417 - INFO - Set PYOPENGL_PLATFORM=osmesa
2025-06-20 10:00:34,417 - INFO - Starting rendering process
2025-06-20 10:00:34,417 - INFO - Working directory: /home/utpal/cad-rendering
2025-06-20 10:00:34,417 - INFO - Mesh directory: mesh_data
2025-06-20 10:00:34,417 - INFO - Render output directory: renders
2025-06-20 10:00:38,804 - INFO - Generating backgrounds...
2025-06-20 10:05:34,104 - INFO - Rendering CAD models with camera metadata...
2025-06-20 10:07:07,070 - INFO - Set PYOPENGL_PLATFORM=osmesa
2025-06-20 10:07:07,071 - INFO - Starting rendering process
2025-06-20 10:07:07,071 - INFO - Working directory: /home/utpal/cad-rendering
2025-06-20 10:07:07,071 - INFO - Mesh directory: mesh_data
2025-06-20 10:07:07,071 - INFO - Render output directory: renders
2025-06-20 10:07:10,461 - INFO - Generating backgrounds...
2025-06-20 10:12:03,356 - INFO - Rendering CAD models with camera metadata...
2025-06-20 10:21:52,005 - INFO - Set PYOPENGL_PLATFORM=osmesa
2025-06-20 10:21:52,006 - INFO - Starting rendering process
2025-06-20 10:21:52,006 - INFO - Working directory: /home/utpal/cad-rendering
2025-06-20 10:21:52,006 - INFO - Mesh directory: mesh_data
2025-06-20 10:21:52,006 - INFO - Render output directory: renders
2025-06-20 10:21:54,250 - INFO - No OpenGL_accelerate module loaded: No module named 'OpenGL_accelerate'
2025-06-20 10:21:54,699 - INFO - Generating backgrounds...
2025-06-20 10:26:48,454 - INFO - Rendering CAD models with camera metadata...
2025-06-20 10:28:14,287 - INFO - Set PYOPENGL_PLATFORM=osmesa
2025-06-20 10:28:14,287 - INFO - Starting rendering process
2025-06-20 10:28:14,287 - INFO - Working directory: /home/utpal/cad-rendering
2025-06-20 10:28:14,287 - INFO - Mesh directory: mesh_data
2025-06-20 10:28:14,287 - INFO - Render output directory: renders
2025-06-20 10:28:17,894 - INFO - OpenGL_accelerate module loaded
2025-06-20 10:28:17,899 - INFO - Using accelerated ArrayDatatype
2025-06-20 10:28:18,216 - INFO - Generating backgrounds...
2025-06-20 10:33:02,851 - INFO - Rendering CAD models with camera metadata...
2025-06-20 10:43:00,600 - INFO - Set PYOPENGL_PLATFORM=osmesa
2025-06-20 10:43:00,600 - INFO - Starting rendering process
2025-06-20 10:43:00,600 - INFO - Working directory: /home/utpal/cad-rendering
2025-06-20 10:43:00,600 - INFO - Mesh directory: mesh_data
2025-06-20 10:43:00,600 - INFO - Render output directory: renders
2025-06-20 10:43:05,458 - INFO - Generating backgrounds...
2025-06-20 10:47:55,498 - INFO - Rendering CAD models with camera metadata...
2025-06-20 10:48:20,501 - INFO - Compositing images...
2025-06-20 10:57:46,750 - INFO - Set PYOPENGL_PLATFORM=osmesa
2025-06-20 10:57:46,750 - INFO - Starting rendering process
2025-06-20 10:57:46,750 - INFO - Working directory: /home/utpal/cad-rendering
2025-06-20 10:57:46,750 - INFO - Mesh directory: mesh_data
2025-06-20 10:57:46,750 - INFO - Render output directory: renders
2025-06-20 10:57:47,749 - INFO - Step 1: Generating backgrounds...
2025-06-20 11:02:36,291 - INFO - Step 2: Rendering CAD models with camera metadata...
2025-06-20 11:02:36,492 - INFO - Rendering mesh: 00010256_8a9f3a1982a94a7da2ffa50f_trimesh_000.obj
2025-06-20 11:02:40,922 - INFO - Rendering mesh: 00010936_c2543b32452d42a3aa48d645_trimesh_001.obj
2025-06-20 11:02:41,777 - INFO - Rendering mesh: 00010548_919044145dd24288a1945b5c_trimesh_010.obj
2025-06-20 11:02:42,678 - INFO - Rendering mesh: 00010865_5682a09dbce743909527fbc7_trimesh_010.obj
2025-06-20 11:02:40,996 - INFO - Rendering mesh: 00010533_a8adf76bfb3d4789996949d7_trimesh_009.obj
2025-06-20 11:02:41,778 - INFO - Rendering mesh: 00011014_9d086bb83b934224a3460726_trimesh_002.obj
2025-06-20 11:02:42,584 - INFO - Rendering mesh: 00011003_9584c16dc8f9433d84b75bd9_trimesh_000.obj
2025-06-20 11:02:43,308 - INFO - Rendering mesh: 00000342_fe70be720f7e49fa90ded969_trimesh_001.obj
2025-06-20 11:02:44,145 - INFO - Rendering mesh: 00000230_a01a91841c8f48a5bf75924b_trimesh_000.obj
2025-06-20 11:02:44,936 - INFO - Rendering mesh: 00000248_e87554b09cdc48c3add39db9_trimesh_000.obj
2025-06-20 11:02:45,774 - INFO - Rendering mesh: 00010336_2875a9019ad348369fd1285e_trimesh_000.obj
2025-06-20 11:02:46,684 - INFO - Rendering mesh: 00010998_8a21002f126e4425a811e70a_trimesh_002.obj
2025-06-20 11:02:47,566 - INFO - Rendering mesh: 00010429_fc56088abf10474bba06f659_trimesh_004.obj
2025-06-20 11:02:48,427 - INFO - Rendering mesh: 00010524_a8adf76bfb3d4789996949d7_trimesh_000.obj
2025-06-20 11:02:49,254 - INFO - Rendering mesh: 00010801_45d813d16cbb43598ad59c25_trimesh_000.obj
2025-06-20 11:02:50,059 - INFO - Rendering mesh: 00010617_361c9786cd894debb4689c63_trimesh_014.obj
2025-06-20 11:02:50,923 - INFO - Rendering mesh: 00010539_919044145dd24288a1945b5c_trimesh_001.obj
2025-06-20 11:02:51,758 - INFO - Rendering mesh: 00010428_fc56088abf10474bba06f659_trimesh_003.obj
2025-06-20 11:02:52,682 - INFO - Rendering mesh: 00010181_9cd67ae9033e4ffb8bd15f3c_trimesh_000.obj
2025-06-20 11:02:53,677 - INFO - Rendering mesh: 00011044_99c0bdce054243a2a4382a47_trimesh_000.obj
2025-06-20 11:02:55,144 - INFO - Rendering mesh: 00011128_db6e2de6f4ae4ec493ebe2aa_trimesh_004.obj
2025-06-20 11:02:56,116 - INFO - Rendering mesh: 00000120_ce24e0cbec8e45c89735d148_trimesh_012.obj
2025-06-20 11:02:56,925 - INFO - Rendering mesh: 00000290_58f8ff46b7564e989f9695b7_trimesh_003.obj
2025-06-20 11:02:57,684 - INFO - Rendering mesh: 00000146_1d9ece3a9c8348a5a11e7153_trimesh_000.obj
2025-06-20 11:02:58,556 - INFO - Rendering mesh: 00000280_5a6ef3285b89452ea6b390e7_trimesh_001.obj
2025-06-20 11:02:59,438 - INFO - Rendering mesh: 00000282_5a6ef3285b89452ea6b390e7_trimesh_003.obj
2025-06-20 11:03:00,329 - INFO - Rendering mesh: 00000139_2fc54fcd110d4f49969163c4_trimesh_002.obj
2025-06-20 11:03:01,105 - INFO - Step 3: Compositing images...
2025-06-20 11:03:01,280 - ERROR - Compositing failed: operands could not be broadcast together with shapes (768,768,3) (76,102,3) 
2025-06-20 11:03:01,280 - INFO - Step 4: Creating dataset...
2025-06-20 11:03:01,846 - INFO - ✅ Dataset created with 27 samples
2025-06-20 11:08:45,530 - INFO - Set PYOPENGL_PLATFORM=osmesa
2025-06-20 11:08:45,530 - INFO - Starting rendering process
2025-06-20 11:08:45,530 - INFO - Working directory: /home/utpal/cad-rendering
2025-06-20 11:08:45,530 - INFO - Mesh directory: mesh_data
2025-06-20 11:08:45,530 - INFO - Render output directory: renders
2025-06-20 11:08:49,530 - INFO - Step 1: Generating backgrounds...
2025-06-20 11:13:41,546 - INFO - Step 2: Rendering CAD models with camera metadata...
2025-06-20 11:13:41,732 - INFO - Rendering mesh: 00010256_8a9f3a1982a94a7da2ffa50f_trimesh_000.obj
2025-06-20 11:13:51,158 - INFO - Rendering mesh: 00010936_c2543b32452d42a3aa48d645_trimesh_001.obj
2025-06-20 11:13:52,100 - INFO - Rendering mesh: 00010548_919044145dd24288a1945b5c_trimesh_010.obj
2025-06-20 11:13:53,009 - INFO - Rendering mesh: 00010865_5682a09dbce743909527fbc7_trimesh_010.obj
2025-06-20 11:13:53,898 - INFO - Rendering mesh: 00010533_a8adf76bfb3d4789996949d7_trimesh_009.obj
2025-06-20 11:13:54,663 - INFO - Rendering mesh: 00011014_9d086bb83b934224a3460726_trimesh_002.obj
2025-06-20 11:13:55,407 - INFO - Rendering mesh: 00011003_9584c16dc8f9433d84b75bd9_trimesh_000.obj
2025-06-20 11:13:56,122 - INFO - Rendering mesh: 00000342_fe70be720f7e49fa90ded969_trimesh_001.obj
2025-06-20 11:13:56,899 - INFO - Rendering mesh: 00000230_a01a91841c8f48a5bf75924b_trimesh_000.obj
2025-06-20 11:13:57,657 - INFO - Rendering mesh: 00000248_e87554b09cdc48c3add39db9_trimesh_000.obj
2025-06-20 11:13:58,515 - INFO - Rendering mesh: 00010336_2875a9019ad348369fd1285e_trimesh_000.obj
2025-06-20 11:13:59,446 - INFO - Rendering mesh: 00010998_8a21002f126e4425a811e70a_trimesh_002.obj
2025-06-20 11:14:00,371 - INFO - Rendering mesh: 00010429_fc56088abf10474bba06f659_trimesh_004.obj
2025-06-20 11:14:01,251 - INFO - Rendering mesh: 00010524_a8adf76bfb3d4789996949d7_trimesh_000.obj
2025-06-20 11:14:02,040 - INFO - Rendering mesh: 00010801_45d813d16cbb43598ad59c25_trimesh_000.obj
2025-06-20 11:14:02,839 - INFO - Rendering mesh: 00010617_361c9786cd894debb4689c63_trimesh_014.obj
2025-06-20 11:14:03,626 - INFO - Rendering mesh: 00010539_919044145dd24288a1945b5c_trimesh_001.obj
2025-06-20 11:14:04,436 - INFO - Rendering mesh: 00010428_fc56088abf10474bba06f659_trimesh_003.obj
2025-06-20 11:14:05,351 - INFO - Rendering mesh: 00010181_9cd67ae9033e4ffb8bd15f3c_trimesh_000.obj
2025-06-20 11:14:06,304 - INFO - Rendering mesh: 00011044_99c0bdce054243a2a4382a47_trimesh_000.obj
2025-06-20 11:14:07,704 - INFO - Rendering mesh: 00011128_db6e2de6f4ae4ec493ebe2aa_trimesh_004.obj
2025-06-20 11:14:08,632 - INFO - Rendering mesh: 00000120_ce24e0cbec8e45c89735d148_trimesh_012.obj
2025-06-20 11:14:09,388 - INFO - Rendering mesh: 00000290_58f8ff46b7564e989f9695b7_trimesh_003.obj
2025-06-20 11:14:10,109 - INFO - Rendering mesh: 00000146_1d9ece3a9c8348a5a11e7153_trimesh_000.obj
2025-06-20 11:14:10,916 - INFO - Rendering mesh: 00000280_5a6ef3285b89452ea6b390e7_trimesh_001.obj
2025-06-20 11:14:11,773 - INFO - Rendering mesh: 00000282_5a6ef3285b89452ea6b390e7_trimesh_003.obj
2025-06-20 11:14:12,624 - INFO - Rendering mesh: 00000139_2fc54fcd110d4f49969163c4_trimesh_002.obj
2025-06-20 11:14:13,406 - INFO - Step 3: Compositing images...
2025-06-20 11:14:13,570 - ERROR - Compositing failed: operands could not be broadcast together with shapes (768,768,3) (76,102,3) 
2025-06-20 11:14:13,570 - INFO - Step 4: Creating dataset...
2025-06-20 11:14:14,121 - INFO - ✅ Dataset created with 27 samples
2025-06-20 11:20:17,275 - INFO - Set PYOPENGL_PLATFORM=osmesa
2025-06-20 11:20:17,275 - INFO - Starting rendering process
2025-06-20 11:20:17,275 - INFO - Working directory: /home/utpal/cad-rendering
2025-06-20 11:20:17,275 - INFO - Mesh directory: mesh_data
2025-06-20 11:20:17,275 - INFO - Render output directory: renders
2025-06-20 11:20:20,703 - INFO - Step 1: Generating backgrounds...
2025-06-20 11:26:05,837 - INFO - Step 2: Rendering CAD models with camera metadata...
2025-06-20 11:26:06,233 - INFO - Rendering mesh: 00010256_8a9f3a1982a94a7da2ffa50f_trimesh_000.obj
2025-06-20 11:26:10,742 - INFO - Rendering mesh: 00010936_c2543b32452d42a3aa48d645_trimesh_001.obj
2025-06-20 11:26:11,832 - INFO - Rendering mesh: 00010548_919044145dd24288a1945b5c_trimesh_010.obj
2025-06-20 11:26:13,127 - INFO - Rendering mesh: 00010865_5682a09dbce743909527fbc7_trimesh_010.obj
2025-06-20 11:26:14,267 - INFO - Rendering mesh: 00010533_a8adf76bfb3d4789996949d7_trimesh_009.obj
2025-06-20 11:26:15,192 - INFO - Rendering mesh: 00011014_9d086bb83b934224a3460726_trimesh_002.obj
2025-06-20 11:26:16,210 - INFO - Rendering mesh: 00011003_9584c16dc8f9433d84b75bd9_trimesh_000.obj
2025-06-20 11:26:17,079 - INFO - Rendering mesh: 00000342_fe70be720f7e49fa90ded969_trimesh_001.obj
2025-06-20 11:26:18,026 - INFO - Rendering mesh: 00000230_a01a91841c8f48a5bf75924b_trimesh_000.obj
2025-06-20 11:26:19,003 - INFO - Rendering mesh: 00000248_e87554b09cdc48c3add39db9_trimesh_000.obj
2025-06-20 11:26:20,008 - INFO - Rendering mesh: 00010336_2875a9019ad348369fd1285e_trimesh_000.obj
2025-06-20 11:26:21,124 - INFO - Rendering mesh: 00010998_8a21002f126e4425a811e70a_trimesh_002.obj
2025-06-20 11:26:22,252 - INFO - Rendering mesh: 00010429_fc56088abf10474bba06f659_trimesh_004.obj
2025-06-20 11:26:23,324 - INFO - Rendering mesh: 00010524_a8adf76bfb3d4789996949d7_trimesh_000.obj
2025-06-20 11:26:24,264 - INFO - Rendering mesh: 00010801_45d813d16cbb43598ad59c25_trimesh_000.obj
2025-06-20 11:26:25,256 - INFO - Rendering mesh: 00010617_361c9786cd894debb4689c63_trimesh_014.obj
2025-06-20 11:26:26,242 - INFO - Rendering mesh: 00010539_919044145dd24288a1945b5c_trimesh_001.obj
2025-06-20 11:26:27,193 - INFO - Rendering mesh: 00010428_fc56088abf10474bba06f659_trimesh_003.obj
2025-06-20 11:26:28,272 - INFO - Rendering mesh: 00010181_9cd67ae9033e4ffb8bd15f3c_trimesh_000.obj
2025-06-20 11:26:29,458 - INFO - Rendering mesh: 00011044_99c0bdce054243a2a4382a47_trimesh_000.obj
2025-06-20 11:26:31,225 - INFO - Rendering mesh: 00011128_db6e2de6f4ae4ec493ebe2aa_trimesh_004.obj
2025-06-20 11:26:32,493 - INFO - Rendering mesh: 00000120_ce24e0cbec8e45c89735d148_trimesh_012.obj
2025-06-20 11:26:33,439 - INFO - Rendering mesh: 00000290_58f8ff46b7564e989f9695b7_trimesh_003.obj
2025-06-20 11:26:34,329 - INFO - Rendering mesh: 00000146_1d9ece3a9c8348a5a11e7153_trimesh_000.obj
2025-06-20 11:26:35,369 - INFO - Rendering mesh: 00000280_5a6ef3285b89452ea6b390e7_trimesh_001.obj
2025-06-20 11:26:33,713 - INFO - Rendering mesh: 00000282_5a6ef3285b89452ea6b390e7_trimesh_003.obj
2025-06-20 11:26:34,784 - INFO - Rendering mesh: 00000139_2fc54fcd110d4f49969163c4_trimesh_002.obj
2025-06-20 11:26:35,715 - INFO - Step 3: Compositing images...
2025-06-20 11:26:58,278 - INFO - Step 4: Creating dataset...
2025-06-20 11:27:02,053 - INFO - ✅ Dataset created with 189 samples
